// Jest Snapshot v1, https://goo.gl/fbAQLP

exports[`PokemonPage Component debe hacer match con el snapshot cuando cargan los pokemons 1`] = `
<div>
  <h1>¿Quién es este Pokémon?</h1>
  <div class="pokegame-container">
    <!--Picture-->
    <pokemon-picture-stub pokemonid="5" showpokemon="false"></pokemon-picture-stub>
    <!--Options-->
    <!-- @selection-pokemon / @selectionPokemon -->
    <pokemon-options-stub pokemons="[object Object],[object Object],[object Object],[object Object]"></pokemon-options-stub>
  </div><!-- <template v-if="showAnswer"></template> -->
  <!--v-if-->
</div>
`;
